
> online-book@0.0.0 build
> tsc -b && vite build

src/components/CartDrawer.tsx(11,3): error TS6133: 'SheetFooter' is declared but its value is never read.
src/components/CheckoutPage.tsx(12,67): error TS6133: 'CheckCircle2' is declared but its value is never read.
src/components/CheckoutPage.tsx(58,27): error TS6133: 'data' is declared but its value is never read.
src/components/Navbar.tsx(27,17): error TS6133: 'setSearchQuery' is declared but its value is never read.
src/components/ProfilePage.tsx(10,18): error TS6133: 'Calendar' is declared but its value is never read.
src/components/ProfilePage.tsx(11,27): error TS6133: 'CheckCircle2' is declared but its value is never read.
src/components/ProfilePage.tsx(29,20): error TS6133: 'setUserData' is declared but its value is never read.
src/pages/Home.tsx(12,8): error TS2307: Cannot find module 'swiper/css' or its corresponding type declarations.
src/pages/Home.tsx(13,8): error TS2307: Cannot find module 'swiper/css/pagination' or its corresponding type declarations.
src/pages/Home.tsx(14,8): error TS2307: Cannot find module 'swiper/css/navigation' or its corresponding type declarations.
src/pages/Home.tsx(19,9): error TS6133: 'navigate' is declared but its value is never read.
