src/App.tsx(1,50): error TS6133: 'useNavigate' is declared but its value is never read.
src/App.tsx(8,1): error TS6133: 'Hero' is declared but its value is never read.
src/App.tsx(9,1): error TS6133: 'BookCard' is declared but its value is never read.
src/App.tsx(30,1): error TS6133: 'Button' is declared but its value is never read.
src/App.tsx(31,1): error TS6133: 'Badge' is declared but its value is never read.
src/App.tsx(32,1): error TS6133: 'ArrowRight' is declared but its value is never read.
src/App.tsx(41,10): error TS6133: 'searchQuery' is declared but its value is never read.
src/components/CartDrawer.tsx(11,3): error TS6133: 'SheetFooter' is declared but its value is never read.
src/components/CheckoutPage.tsx(12,67): error TS6133: 'CheckCircle2' is declared but its value is never read.
src/components/CheckoutPage.tsx(58,27): error TS6133: 'data' is declared but its value is never read.
src/components/Navbar.tsx(26,19): error TS6133: 'setSearchQuery' is declared but its value is never read.
src/components/ProfilePage.tsx(10,18): error TS6133: 'Calendar' is declared but its value is never read.
src/components/ProfilePage.tsx(11,27): error TS6133: 'CheckCircle2' is declared but its value is never read.
src/components/ProfilePage.tsx(29,20): error TS6133: 'setUserData' is declared but its value is never read.
src/pages/Home.tsx(12,8): error TS2307: Cannot find module 'swiper/css' or its corresponding type declarations.
src/pages/Home.tsx(13,8): error TS2307: Cannot find module 'swiper/css/pagination' or its corresponding type declarations.
src/pages/Home.tsx(14,8): error TS2307: Cannot find module 'swiper/css/navigation' or its corresponding type declarations.
src/pages/Home.tsx(43,9): error TS6133: 'navigate' is declared but its value is never read.
